---
source: crates/dsp/tests/response.rs
expression: "response(BiquadKind::Peaking { gain_db: 4.0 }, 3_000.0, 1.0)"
---
     20 Hz    +0.0 dB
     50 Hz    +0.0 dB
     80 Hz    +0.0 dB
    200 Hz    +0.0 dB
   1000 Hz    +0.5 dB
   3000 Hz    +4.0 dB
   6000 Hz    +1.1 dB
  12000 Hz    +0.2 dB
  20000 Hz    +0.0 dB
